[SN]URL[SN]
http://web.archive.org/web/20160716220003/http://www.bbc.co.uk/sport/athletics/36811602

[SN]TITLE[SN]
Monaco Diamond League: Team GB hurdler Eilidh Doyle sets new personal best

[SN]FIRST-SENTENCE[SN]
British 400m hurdler Eilidh Doyle set a new personal best to win at the Diamond League meeting in Monaco.

[SN]RESTBODY[SN]
The 29-year-old Scot, who is in Team GB's Rio Olympics squad, claimed her second Diamond League victory of 2016 in a time of 54.09 seconds.
Meanwhile, two-time Olympic champion Mo Farah came fifth in the 1500m.
Farah, who will defend his 5,000m and 10,000m titles in Brazil next month, finished strongly to clock a time of three minutes 31.74 seconds.
Compatriot Charlie Grice set a personal best, running 3:33.60 to finish ninth.
South African 800m runner Caster Semenya won her event in a personal best of one minute 55.33 seconds, a new national record.
The meeting took place just 15 miles from Nice, where at least 84 people were killed on Thursday.
A lorry struck a crowd marking Bastille Day in the southern French city.
