[SN]URL[SN]
http://web.archive.org/web/20170615235750/http://www.bbc.co.uk/sport/boxing/40296067

[SN]TITLE[SN]
Deontay Wilder: WBC heavyweight champion charged with cannabis possession

[SN]FIRST-SENTENCE[SN]
WBC heavyweight champion Deontay Wilder has been charged with possession of cannabis.

[SN]RESTBODY[SN]
Tuscaloosa Police in Alabama said he was initially pulled over while driving for a 'window tint violation'.
Officers said they then found drugs inside the vehicle.
Wilder's attorney, Paul Patterson, told The Tuscaloosa News that the drugs in the vehicle did not belong to Wilder and that someone else used the vehicle while the boxer was away.
He told the publication: "Deontay has been out-of-state for several days.
"He returned home today from Georgia driving his Rolls Royce and selected his Cadillac Escalade from his fleet of vehicles to run errands."
Wilder was charged by police and released on a £780 ($1,000) bond.
"Officers obtained verbal consent to search the vehicle and recovered a misdemeanour amount of marijuana from the console," Tuscaloosa Police said in a statement.
Wilder's last fight was a fifth-round stoppage of Gerald Washington as he defended the WBC title which he has held since 2015.
Get all the latest boxing news sent straight to your device with notifications in the BBC Sport app. Find out more here.
